exports[`Missions component renders correctly 1`] = `
<React.Fragment>
  <Header />
  <div
    className="container mx-auto px-4"
  >
    <table
      className="table-auto w-full border-collapse border"
    >
      <thead>
        <tr>
          <th
            className="border p-2 text-left"
          >
            Mission
          </th>
          <th
            className="border p-2 text-left"
          >
            Description
          </th>
          <th
            className="border p-2 text-left"
          >
            Status
          </th>
          <th
            className="border p-2 text-left"
          >
            Action
          </th>
        </tr>
      </thead>
      <tbody>
        <tr>
          <td
            className="border p-4"
          >
            Mock Mission 1
          </td>
          <td
            className="border p-4"
          >
            Mock description 1
          </td>
          <td
            className="border p-4"
          >
            <span
              className="inline-flex items-center rounded-md active-badge whitespace-nowrap"
            >
              ACTIVE MEMBER
            </span>
          </td>
          <td>
            <button
              type="button"
              className="border p-1 leave-button mx-2 rounded whitespace-nowrap"
              onClick={[Function]}
            >
              Leave Mission
            </button>
          </td>
        </tr>
        <tr>
          <td
            className="border p-4"
          >
            Mock Mission 2
          </td>
          <td
            className="border p-4"
          >
            Mock description 2
          </td>
          <td
            className="border p-4"
          >
            <span
              className="inline-flex items-center rounded-md not-member-badge whitespace-nowrap"
            >
              NOT A MEMBER
            </span>
          </td>
          <td>
            <button
              type="button"
              className="border p-1 join-button mx-2 rounded whitespace-nowrap"
              onClick={[Function]}
            >
              Join Mission
            </button>
          </td>
        </tr>
      </tbody>
    </table>
  </div>
</React.Fragment>
`;
