// Jest Snapshot v1, https://goo.gl/fbAQLP

exports[`Profile component renders correctly 1`] = `
<DocumentFragment>
  <header
    class="main-header"
  >
    <div
      class="site-title-section"
    >
      <img
        alt="space travel hub logo"
        height="60px"
        src="test-file-stub"
        width="60px"
      />
      <h1
        class="site-title"
      >
        Space Traveler's Hub
      </h1>
    </div>
    <nav
      class="main-header-nav"
    >
      <a
        aria-current="page"
        class="nav-link active"
        href="/"
      >
        Rockets
      </a>
      <a
        class="nav-link"
        href="/missions"
      >
        Missions
      </a>
      <a
        class="nav-link"
        href="/my-profile"
      >
        Profile
      </a>
    </nav>
  </header>
  <div
    class="mx-auto col-10 container-fluid"
  >
    <div
      class="flex-column flex-lg-row flex-xl-row row"
    >
      <div
        class="col"
      >
        <div
          class="mb-4"
        >
          <p
            class="h2"
          >
            Missions
          </p>
          <div
            class="list-group"
          >
            <div
              class="list-group-item"
            >
              <p
                style="font-size: 1.4rem;"
              >
                Mock Mission 1
              </p>
            </div>
          </div>
        </div>
      </div>
      <div
        class="col"
      >
        <div
          class="list-group"
        >
          <p
            class="h2"
          >
            My Rockets
          </p>
          <div
            class="d-flex flex-sm-column flex-md-row flex-lg-row justify-content-between align-items-center list-group-item"
          >
            <div>
              <p
                style="font-size: 1.4rem;"
              >
                Falcon 9
              </p>
              <button
                class="btn btn-outline-info"
                type="button"
              >
                <a
                  href="https://en.wikipedia.org/wiki/Falcon_9"
                  rel="noreferrer"
                  target="_blank"
                >
                  Read more
                </a>
              </button>
            </div>
            <button
              class="btn btn-outline-danger"
              type="button"
            >
              Cancel Reservation
            </button>
          </div>
        </div>
      </div>
    </div>
  </div>
</DocumentFragment>
`;
